2026-07-29T18:49:21.945+09:00  INFO 6080 --- [msa4-meerkatgram] [main] c.m.Msa4MeerkatgramApplication           : Starting Msa4MeerkatgramApplication using Java 17.0.19 with PID 6080 (E:\sulin\workspace\msa4-meerkatgram\build\classes\java\main started by user in E:\sulin\workspace\msa4-meerkatgram)
2026-07-29T18:49:21.949+09:00  INFO 6080 --- [msa4-meerkatgram] [main] c.m.Msa4MeerkatgramApplication           : No active profile set, falling back to 1 default profile: "default"
2026-07-29T18:49:22.757+09:00  INFO 6080 --- [msa4-meerkatgram] [main] o.s.b.w.embedded.tomcat.TomcatWebServer  : Tomcat initialized with port 8080 (http)
2026-07-29T18:49:22.767+09:00  INFO 6080 --- [msa4-meerkatgram] [main] o.apache.catalina.core.StandardService   : Starting service [Tomcat]
2026-07-29T18:49:22.767+09:00  INFO 6080 --- [msa4-meerkatgram] [main] o.apache.catalina.core.StandardEngine    : Starting Servlet engine: [Apache Tomcat/10.1.55]
2026-07-29T18:49:22.798+09:00  INFO 6080 --- [msa4-meerkatgram] [main] o.a.c.c.C.[Tomcat].[localhost].[/]       : Initializing Spring embedded WebApplicationContext
2026-07-29T18:49:22.798+09:00  INFO 6080 --- [msa4-meerkatgram] [main] w.s.c.ServletWebServerApplicationContext : Root WebApplicationContext: initialization completed in 812 ms
2026-07-29T18:49:23.153+09:00  WARN 6080 --- [msa4-meerkatgram] [main] o.s.w.s.resource.ResourceHandlerUtils    : Appended trailing slash to static resource location: file:///E:/sulin/workspace/msa4-meerkatgram/storage/files/
2026-07-29T18:49:23.162+09:00  WARN 6080 --- [msa4-meerkatgram] [main] .s.s.UserDetailsServiceAutoConfiguration : 

Using generated security password: 08e11fab-7c14-40c0-8d01-91c83ffd6b7e

This generated password is for development use only. Your security configuration must be updated before running your application in production.

2026-07-29T18:49:23.166+09:00  INFO 6080 --- [msa4-meerkatgram] [main] r$InitializeUserDetailsManagerConfigurer : Global AuthenticationManager configured with UserDetailsService bean with name inMemoryUserDetailsManager
2026-07-29T18:49:23.344+09:00  INFO 6080 --- [msa4-meerkatgram] [main] o.s.b.w.embedded.tomcat.TomcatWebServer  : Tomcat started on port 8080 (http) with context path '/'
2026-07-29T18:49:23.348+09:00  INFO 6080 --- [msa4-meerkatgram] [main] c.m.Msa4MeerkatgramApplication           : Started Msa4MeerkatgramApplication in 1.789 seconds (process running for 2.137)
2026-07-29T19:28:07.361+09:00  INFO 27256 --- [msa4-meerkatgram] [Test worker] c.m.Msa4MeerkatgramApplicationTests      : Starting Msa4MeerkatgramApplicationTests using Java 17.0.19 with PID 27256 (started by user in E:\sulin\workspace\msa4-meerkatgram)
2026-07-29T19:28:07.362+09:00  INFO 27256 --- [msa4-meerkatgram] [Test worker] c.m.Msa4MeerkatgramApplicationTests      : No active profile set, falling back to 1 default profile: "default"
2026-07-29T19:28:08.727+09:00  WARN 27256 --- [msa4-meerkatgram] [Test worker] o.s.w.s.resource.ResourceHandlerUtils    : Appended trailing slash to static resource location: file:///E:/sulin/workspace/msa4-meerkatgram/storage/files/
2026-07-29T19:28:08.752+09:00  WARN 27256 --- [msa4-meerkatgram] [Test worker] .s.s.UserDetailsServiceAutoConfiguration : 

Using generated security password: 0702453b-53e3-44e5-bd34-cd237927f99a

This generated password is for development use only. Your security configuration must be updated before running your application in production.

2026-07-29T19:28:08.765+09:00  INFO 27256 --- [msa4-meerkatgram] [Test worker] r$InitializeUserDetailsManagerConfigurer : Global AuthenticationManager configured with UserDetailsService bean with name inMemoryUserDetailsManager
2026-07-29T19:28:09.169+09:00  INFO 27256 --- [msa4-meerkatgram] [Test worker] c.m.Msa4MeerkatgramApplicationTests      : Started Msa4MeerkatgramApplicationTests in 2.037 seconds (process running for 2.788)
2026-07-29T19:44:10.158+09:00  INFO 22044 --- [msa4-meerkatgram] [Test worker] c.m.Msa4MeerkatgramApplicationTests      : Starting Msa4MeerkatgramApplicationTests using Java 17.0.19 with PID 22044 (started by user in E:\sulin\workspace\msa4-meerkatgram)
2026-07-29T19:44:10.160+09:00  INFO 22044 --- [msa4-meerkatgram] [Test worker] c.m.Msa4MeerkatgramApplicationTests      : No active profile set, falling back to 1 default profile: "default"
2026-07-29T19:44:11.525+09:00  WARN 22044 --- [msa4-meerkatgram] [Test worker] o.s.w.s.resource.ResourceHandlerUtils    : Appended trailing slash to static resource location: file:///E:/sulin/workspace/msa4-meerkatgram/storage/files/
2026-07-29T19:44:11.545+09:00  WARN 22044 --- [msa4-meerkatgram] [Test worker] .s.s.UserDetailsServiceAutoConfiguration : 

Using generated security password: 44455e87-859b-4f53-b6c2-1904cacc8171

This generated password is for development use only. Your security configuration must be updated before running your application in production.

2026-07-29T19:44:11.561+09:00  INFO 22044 --- [msa4-meerkatgram] [Test worker] r$InitializeUserDetailsManagerConfigurer : Global AuthenticationManager configured with UserDetailsService bean with name inMemoryUserDetailsManager
2026-07-29T19:44:11.933+09:00  INFO 22044 --- [msa4-meerkatgram] [Test worker] c.m.Msa4MeerkatgramApplicationTests      : Started Msa4MeerkatgramApplicationTests in 2.002 seconds (process running for 2.747)
2026-07-29T19:51:28.176+09:00  INFO 18364 --- [msa4-meerkatgram] [Test worker] c.m.Msa4MeerkatgramApplicationTests      : Starting Msa4MeerkatgramApplicationTests using Java 17.0.19 with PID 18364 (started by user in E:\sulin\workspace\msa4-meerkatgram)
2026-07-29T19:51:28.177+09:00  INFO 18364 --- [msa4-meerkatgram] [Test worker] c.m.Msa4MeerkatgramApplicationTests      : No active profile set, falling back to 1 default profile: "default"
2026-07-29T19:51:29.649+09:00  WARN 18364 --- [msa4-meerkatgram] [Test worker] o.s.w.s.resource.ResourceHandlerUtils    : Appended trailing slash to static resource location: file:///E:/sulin/workspace/msa4-meerkatgram/storage/files/
2026-07-29T19:51:29.673+09:00  WARN 18364 --- [msa4-meerkatgram] [Test worker] .s.s.UserDetailsServiceAutoConfiguration : 

Using generated security password: b584b8bb-7d23-4f4d-8f62-6f4af557333a

This generated password is for development use only. Your security configuration must be updated before running your application in production.

2026-07-29T19:51:29.684+09:00  INFO 18364 --- [msa4-meerkatgram] [Test worker] r$InitializeUserDetailsManagerConfigurer : Global AuthenticationManager configured with UserDetailsService bean with name inMemoryUserDetailsManager
2026-07-29T19:51:30.051+09:00  INFO 18364 --- [msa4-meerkatgram] [Test worker] c.m.Msa4MeerkatgramApplicationTests      : Started Msa4MeerkatgramApplicationTests in 2.117 seconds (process running for 2.872)
2026-07-29T19:52:35.972+09:00  INFO 10088 --- [msa4-meerkatgram] [Test worker] c.m.Msa4MeerkatgramApplicationTests      : Starting Msa4MeerkatgramApplicationTests using Java 17.0.19 with PID 10088 (started by user in E:\sulin\workspace\msa4-meerkatgram)
2026-07-29T19:52:35.974+09:00  INFO 10088 --- [msa4-meerkatgram] [Test worker] c.m.Msa4MeerkatgramApplicationTests      : No active profile set, falling back to 1 default profile: "default"
2026-07-29T19:52:37.385+09:00  WARN 10088 --- [msa4-meerkatgram] [Test worker] o.s.w.s.resource.ResourceHandlerUtils    : Appended trailing slash to static resource location: file:///E:/sulin/workspace/msa4-meerkatgram/storage/files/
2026-07-29T19:52:37.404+09:00  WARN 10088 --- [msa4-meerkatgram] [Test worker] .s.s.UserDetailsServiceAutoConfiguration : 

Using generated security password: 56a179e6-b01d-45ca-b32b-7f007d5950fe

This generated password is for development use only. Your security configuration must be updated before running your application in production.

2026-07-29T19:52:37.415+09:00  INFO 10088 --- [msa4-meerkatgram] [Test worker] r$InitializeUserDetailsManagerConfigurer : Global AuthenticationManager configured with UserDetailsService bean with name inMemoryUserDetailsManager
2026-07-29T19:52:37.851+09:00  INFO 10088 --- [msa4-meerkatgram] [Test worker] c.m.Msa4MeerkatgramApplicationTests      : Started Msa4MeerkatgramApplicationTests in 2.1 seconds (process running for 2.867)
